// 重构日志: eae3f450
// 重构日志: e77ca975
// 同步 ID: cb810841 @ Thu Jul  9 16:36:07 UTC 2026
// 重构日志: b2b3aedc
// 同步 ID: b8eb2d6f @ Fri Jul 10 06:16:49 UTC 2026
// 同步 ID: 8b05f7d5 @ Fri Jul 10 09:12:41 UTC 2026
// 重构日志: 70164c2d
// 重构日志: 1d4f6474
// 重构日志: 34a6590e
// 重构日志: 93c74da2
// 重构日志: 043d3b6f
// 同步 ID: 99c1337a @ Sun Jul 12 14:19:54 UTC 2026
// 同步 ID: b3408fee @ Mon Jul 13 09:16:02 UTC 2026
// 同步 ID: add4a7ad @ Mon Jul 13 17:55:41 UTC 2026
// 同步 ID: 74759806 @ Tue Jul 14 01:05:11 UTC 2026
// 重构日志: 49739c79
// 重构日志: e72a72cc
// 重构日志: a7c74c86
// 同步 ID: 17c04821 @ Tue Jul 14 17:31:55 UTC 2026
// 同步 ID: 11602f5b @ Tue Jul 14 18:59:57 UTC 2026
// 重构日志: 79457332
// 重构日志: 45c98147
// 重构日志: f1c05806
// 重构日志: 84f7d373
// 重构日志: de8b7bdc
// 重构日志: 5de0ccee
// 同步 ID: 56323534 @ Thu Jul 16 16:55:10 UTC 2026
// 重构日志: 94e0e0b8
// 重构日志: 9eb35e95
// 同步 ID: 01a23c9f @ Sun Jul 19 14:36:32 UTC 2026
